GowinSynthesis start
Running parser ...
Analyzing Verilog file 'C:\Users\admin\Downloads\varios\knight_rider\Documents\hdmi\src\top.sv'
Analyzing Verilog file 'C:\Users\admin\Downloads\varios\knight_rider\Documents\hdmi\src\sync_gen.sv'
Analyzing Verilog file 'C:\Users\admin\Downloads\varios\knight_rider\Documents\hdmi\src\gowin_rpll\gowin_rpll.v'
Analyzing Verilog file 'C:\Users\admin\Downloads\varios\knight_rider\Documents\hdmi\src\gowin_clkdiv\gowin_clkdiv.v'
Analyzing Verilog file 'C:\Users\admin\Downloads\varios\knight_rider\Documents\hdmi\src\dvi_tx\dvi_tx.v'
Compiling module 'top'("C:\Users\admin\Downloads\varios\knight_rider\Documents\hdmi\src\top.sv":1)
Compiling module 'ser_gen'("C:\Users\admin\Downloads\varios\knight_rider\Documents\hdmi\src\gowin_rpll\gowin_rpll.v":11)
Compiling module 'pixel_gen'("C:\Users\admin\Downloads\varios\knight_rider\Documents\hdmi\src\gowin_clkdiv\gowin_clkdiv.v":11)
Compiling module 'sync_gen'("C:\Users\admin\Downloads\varios\knight_rider\Documents\hdmi\src\sync_gen.sv":1)
Compiling module 'DVI_TX_Top'("C:\Users\admin\Downloads\varios\knight_rider\Documents\hdmi\src\dvi_tx\dvi_tx.v":1073)
Compiling module '**'("C:\Users\admin\Downloads\varios\knight_rider\Documents\hdmi\src\dvi_tx\dvi_tx.v":1072)
NOTE  (EX0101) : Current top module is "top"
[5%] Running netlist conversion ...
Running device independent optimization ...
[10%] Optimizing Phase 0 completed
[15%] Optimizing Phase 1 completed
[25%] Optimizing Phase 2 completed
Running inference ...
[30%] Inferring Phase 0 completed
[40%] Inferring Phase 1 completed
[50%] Inferring Phase 2 completed
[55%] Inferring Phase 3 completed
Running technical mapping ...
[60%] Tech-Mapping Phase 0 completed
[65%] Tech-Mapping Phase 1 completed
[75%] Tech-Mapping Phase 2 completed
[80%] Tech-Mapping Phase 3 completed
[90%] Tech-Mapping Phase 4 completed
[95%] Generate netlist file "C:\Users\admin\Downloads\varios\knight_rider\Documents\hdmi\impl\gwsynthesis\hdmi.vg" completed
[100%] Generate report file "C:\Users\admin\Downloads\varios\knight_rider\Documents\hdmi\impl\gwsynthesis\hdmi_syn.rpt.html" completed
GowinSynthesis finish
