Reading netlist file: "C:\Users\gabis\Desktop\UJA\PPHH\cambiar_ejercicio\impl\gwsynthesis\cambiar_ejercicio.vg"
Parsing netlist file "C:\Users\gabis\Desktop\UJA\PPHH\cambiar_ejercicio\impl\gwsynthesis\cambiar_ejercicio.vg" completed
Processing netlist completed
Reading constraint file: "C:\Users\gabis\Desktop\UJA\PPHH\cambiar_ejercicio\src\top.cst"
Physical Constraint parsed completed
Running placement......
[10%] Placement Phase 0 completed
[20%] Placement Phase 1 completed
[30%] Placement Phase 2 completed
[50%] Placement Phase 3 completed
Running routing......
[60%] Routing Phase 0 completed
[70%] Routing Phase 1 completed
[80%] Routing Phase 2 completed
[90%] Routing Phase 3 completed
Running timing analysis......
[95%] Timing analysis completed
Placement and routing completed
Bitstream generation in progress......
Bitstream generation completed
Running power analysis......
[100%] Power analysis completed
Generate file "C:\Users\gabis\Desktop\UJA\PPHH\cambiar_ejercicio\impl\pnr\cambiar_ejercicio.power.html" completed
Generate file "C:\Users\gabis\Desktop\UJA\PPHH\cambiar_ejercicio\impl\pnr\cambiar_ejercicio.pin.html" completed
Generate file "C:\Users\gabis\Desktop\UJA\PPHH\cambiar_ejercicio\impl\pnr\cambiar_ejercicio.rpt.html" completed
Generate file "C:\Users\gabis\Desktop\UJA\PPHH\cambiar_ejercicio\impl\pnr\cambiar_ejercicio.rpt.txt" completed
Generate file "C:\Users\gabis\Desktop\UJA\PPHH\cambiar_ejercicio\impl\pnr\cambiar_ejercicio.tr.html" completed
Mon Mar 23 17:39:51 2026

