Reading netlist file: "C:\Users\admin\Downloads\Ejemplo\Ejemplo\Documents\contador\impl\gwsynthesis\contador.vg"
Parsing netlist file "C:\Users\admin\Downloads\Ejemplo\Ejemplo\Documents\contador\impl\gwsynthesis\contador.vg" completed
Processing netlist completed
Reading constraint file: "C:\Users\admin\Downloads\Ejemplo\Ejemplo\Documents\contador\src\top.cst"
Physical Constraint parsed completed
Running placement......
[10%] Placement Phase 0 completed
[20%] Placement Phase 1 completed
[30%] Placement Phase 2 completed
[50%] Placement Phase 3 completed
Running routing......
[60%] Routing Phase 0 completed
[70%] Routing Phase 1 completed
[80%] Routing Phase 2 completed
[90%] Routing Phase 3 completed
Running timing analysis......
[95%] Timing analysis completed
Placement and routing completed
Bitstream generation in progress......
Bitstream generation completed
Running power analysis......
[100%] Power analysis completed
Generate file "C:\Users\admin\Downloads\Ejemplo\Ejemplo\Documents\contador\impl\pnr\contador.power.html" completed
Generate file "C:\Users\admin\Downloads\Ejemplo\Ejemplo\Documents\contador\impl\pnr\contador.pin.html" completed
Generate file "C:\Users\admin\Downloads\Ejemplo\Ejemplo\Documents\contador\impl\pnr\contador.rpt.html" completed
Generate file "C:\Users\admin\Downloads\Ejemplo\Ejemplo\Documents\contador\impl\pnr\contador.rpt.txt" completed
Generate file "C:\Users\admin\Downloads\Ejemplo\Ejemplo\Documents\contador\impl\pnr\contador.tr.html" completed
Thu Mar 12 10:07:35 2026

