Reading netlist file: "C:\Users\admin\Desktop\Ejemplo\impl\gwsynthesis\Ejemplo.vg"
Parsing netlist file "C:\Users\admin\Desktop\Ejemplo\impl\gwsynthesis\Ejemplo.vg" completed
Processing netlist completed
Reading constraint file: "C:\Users\admin\Desktop\Ejemplo\src\top.cst"
Physical Constraint parsed completed
Running placement......
[10%] Placement Phase 0 completed
[20%] Placement Phase 1 completed
[30%] Placement Phase 2 completed
[50%] Placement Phase 3 completed
Running routing......
[60%] Routing Phase 0 completed
[70%] Routing Phase 1 completed
[80%] Routing Phase 2 completed
[90%] Routing Phase 3 completed
Running timing analysis......
[95%] Timing analysis completed
Placement and routing completed
Bitstream generation in progress......
Bitstream generation completed
Running power analysis......
[100%] Power analysis completed
Generate file "C:\Users\admin\Desktop\Ejemplo\impl\pnr\Ejemplo.power.html" completed
Generate file "C:\Users\admin\Desktop\Ejemplo\impl\pnr\Ejemplo.pin.html" completed
Generate file "C:\Users\admin\Desktop\Ejemplo\impl\pnr\Ejemplo.rpt.html" completed
Generate file "C:\Users\admin\Desktop\Ejemplo\impl\pnr\Ejemplo.rpt.txt" completed
Generate file "C:\Users\admin\Desktop\Ejemplo\impl\pnr\Ejemplo.tr.html" completed
Fri Mar 13 09:10:50 2026

